// Jest Snapshot v1, https://goo.gl/fbAQLP

exports[`<H1 /> should match snapshot 1`] = `
.c0 {
  color: #f6f6f6;
  font-size: 1.25rem;
  margin-top: 0;
  margin-bottom: 0;
}

<h1
  className="c0"
>
  Heading 1
</h1>
`;
