// Jest Snapshot v1, https://goo.gl/fbAQLP

exports[`<H3 /> should match snapshot 1`] = `
.c0 {
  font-size: 1.2rem;
  margin-top: 0.35rem;
  margin-bottom: 0.35rem;
}

<h3
  className="c0"
>
  Heading 3
</h3>
`;
