// Jest Snapshot v1, https://goo.gl/fbAQLP

exports[`<H5 /> should match snapshot 1`] = `
.c0 {
  font-size: 0.95rem;
  margin-top: 0.15rem;
  margin-bottom: 0.15rem;
}

<h6
  className="c0"
>
  Heading 6
</h6>
`;
