// Jest Snapshot v1, https://goo.gl/fbAQLP

exports[`<Header /> should match snapshot and have correct elements and children 1`] = `
.c0 {
  -webkit-align-items: center;
  -webkit-box-align: center;
  -ms-flex-align: center;
  align-items: center;
  display: -webkit-box;
  display: -webkit-flex;
  display: -ms-flexbox;
  display: flex;
  padding: 10px;
}

.c1 {
  -webkit-flex: 0 0 25px;
  -ms-flex: 0 0 25px;
  flex: 0 0 25px;
  height: 18px;
  text-align: center;
}

.c2 {
  text-decoration: none;
}

.c3 {
  color: undefined;
  font-family: icons;
  font-size: 1rem;
  font-style: normal;
  font-variant: normal;
  font-weight: normal;
  line-height: 1;
  speak: none;
  text-transform: none;
  -webkit-font-smoothing: antialiased;
  -moz-osx-font-smoothing: grayscale;
}

.c3:before {
  content: "\\e901";
}

.c7 {
  color: undefined;
  font-family: icons;
  font-size: 1rem;
  font-style: normal;
  font-variant: normal;
  font-weight: normal;
  line-height: 1;
  speak: none;
  text-transform: none;
  -webkit-font-smoothing: antialiased;
  -moz-osx-font-smoothing: grayscale;
}

.c7:before {
  content: "\\ea09";
}

.c4 {
  -webkit-box-flex: 1;
  -webkit-flex-grow: 1;
  -ms-flex-positive: 1;
  flex-grow: 1;
  text-align: center;
}

.c5 {
  background-color: transparent;
  border: 0;
  cursor: pointer;
  display: inline-block;
  padding: 0;
}

.c5:hover {
  background-color: transparent;
}

.c6 {
  font-size: 1.25rem;
  margin-top: 0;
  margin-bottom: 0;
}

<Header
  nagIndex={[Function]}
  nagNew={[Function]}
>
  <styled.header>
    <header
      className="c0"
    >
      <styled.div>
        <div
          className="c1"
        >
          <Component
            href="https://www.gauti.info/nag-me"
            target="_blank"
            title="More information about Nag Me"
          >
            <styled.a
              href="https://www.gauti.info/nag-me"
              target="_blank"
              title="More information about Nag Me"
            >
              <a
                className="c2"
                href="https://www.gauti.info/nag-me"
                target="_blank"
                title="More information about Nag Me"
              >
                <Component
                  inverse={true}
                  question={true}
                >
                  <styled.i
                    inverse={true}
                    question={true}
                  >
                    <i
                      className="c3"
                    />
                  </styled.i>
                </Component>
              </a>
            </styled.a>
          </Component>
        </div>
      </styled.div>
      <styled.div>
        <div
          className="c4"
        >
          <Component
            onClick={[Function]}
            reset={true}
            title="Nags Index"
          >
            <styled.button
              onClick={[Function]}
              reset={true}
              title="Nags Index"
            >
              <button
                className="c5"
                onClick={[Function]}
                title="Nags Index"
              >
                <Component>
                  <styled.h1>
                    <h1
                      className="c6"
                    >
                      Nag Me
                    </h1>
                  </styled.h1>
                </Component>
              </button>
            </styled.button>
          </Component>
        </div>
      </styled.div>
      <styled.div>
        <div
          className="c1"
        >
          <Component
            onClick={[Function]}
            reset={true}
            title="Create a nag"
          >
            <styled.button
              onClick={[Function]}
              reset={true}
              title="Create a nag"
            >
              <button
                className="c5"
                onClick={[Function]}
                title="Create a nag"
              >
                <Component
                  add={true}
                  inverse={true}
                >
                  <styled.i
                    add={true}
                    inverse={true}
                  >
                    <i
                      className="c7"
                    />
                  </styled.i>
                </Component>
              </button>
            </styled.button>
          </Component>
        </div>
      </styled.div>
    </header>
  </styled.header>
</Header>
`;
