// Jest Snapshot v1, https://goo.gl/fbAQLP

exports[`<Label /> should match snapshot 1`] = `
.c0 {
  font-size: 1rem;
  line-height: 2rem;
}

<label
  className="c0"
>
  Label 1
</label>
`;
