// Jest Snapshot v1, https://goo.gl/fbAQLP

exports[`<Nag /> should match snapshot 1`] = `
.c0 {
  background-color: #ffffff;
  border-radius: 4px;
  box-shadow: 0 0 2px rgba(0,0,0,0.25);
  padding: 10px;
  position: relative;
  -webkit-user-select: none;
  -moz-user-select: none;
  -ms-user-select: none;
  user-select: none;
  will-change: transform;
  border-bottom: 3px solid undefined;
}

.c1 {
  font-size: 1.2rem;
  margin: 0;
}

.c2 {
  font-size: 0.85rem;
  margin-bottom: 0;
  margin-top: 5px;
}

.c3 {
  font-size: 0.75rem;
  margin-bottom: 0;
  margin-top: 5px;
}

.c4 {
  border-top: 3px solid #6e8ea1;
  border-radius: 0 0 3px 3px;
  bottom: -3px;
  left: 0;
  position: absolute;
  -webkit-transition: width 1s;
  transition: width 1s;
  will-change: width;
}

.c5 {
  position: absolute;
  right: -45px;
  top: 50%;
  will-change: transform;
}

.c6 {
  border: 1px solid props => props.theme.mainDarken;
  cursor: pointer;
  display: inline-block;
  padding: 0;
  box-sizing: border-box;
  font-size: 0.85rem;
  line-height: 2rem;
  text-decoration: none;
  text-transform: uppercase;
  -webkit-transition-duration: 0.5s;
  transition-duration: 0.5s;
  -webkit-transition-property: background-color;
  transition-property: background-color;
  border-radius: 50%;
  height: 2rem;
  text-align: center;
  width: 2rem;
}

.c6 i {
  position: relative;
  top: 2px;
}

.c7 {
  font-family: icons;
  font-size: 1rem;
  font-style: normal;
  font-variant: normal;
  font-weight: normal;
  line-height: 1;
  speak: none;
  text-transform: none;
  -webkit-font-smoothing: antialiased;
  -moz-osx-font-smoothing: grayscale;
}

.c7:before {
  content: "\\e906";
}

.c9 {
  font-family: icons;
  font-size: 1rem;
  font-style: normal;
  font-variant: normal;
  font-weight: normal;
  line-height: 1;
  speak: none;
  text-transform: none;
  -webkit-font-smoothing: antialiased;
  -moz-osx-font-smoothing: grayscale;
}

.c9:before {
  content: "\\e9ac";
}

.c11 {
  font-family: icons;
  font-size: 1rem;
  font-style: normal;
  font-variant: normal;
  font-weight: normal;
  line-height: 1;
  speak: none;
  text-transform: none;
  -webkit-font-smoothing: antialiased;
  -moz-osx-font-smoothing: grayscale;
}

.c11:before {
  content: "\\ea1d";
}

.c8 {
  position: absolute;
  right: -85px;
  top: 50%;
  will-change: transform;
}

.c10 {
  position: absolute;
  right: -125px;
  top: 50%;
  will-change: transform;
}

<div
  onClick={[Function]}
>
  <div>
    <div
      className="c0"
      style={
        Object {
          "WebkitTransform": "translateX(0px)",
          "transform": "translateX(0px)",
        }
      }
    >
      <h3
        className="c1"
      >
        Test Nag 1
      </h3>
      <div>
        <p
          className="c2"
        >
          in 
          48 years
        </p>
        <p
          className="c3"
        >
          <span>
            and repeat every 
            1 minute
          </span>
        </p>
      </div>
      <div
        className="c4"
        style={
          Object {
            "width": "2526655556.85%",
          }
        }
      />
    </div>
  </div>
  <div>
    <div
      className="c5"
      style={
        Object {
          "WebkitTransform": "translate(0px, -50%)",
          "transform": "translate(0px, -50%)",
        }
      }
    >
      <button
        className="c6"
        onClick={[Function]}
        title="Edit"
      >
        <i
          className="c7"
        />
      </button>
    </div>
  </div>
  <div>
    <div
      className="c8"
      style={
        Object {
          "WebkitTransform": "translate(0px, -50%)",
          "transform": "translate(0px, -50%)",
        }
      }
    >
      <button
        className="c6"
        onClick={[Function]}
        title="Delete"
      >
        <i
          className="c9"
        />
      </button>
    </div>
  </div>
  <div>
    <div
      className="c10"
      style={
        Object {
          "WebkitTransform": "translate(0px, -50%)",
          "transform": "translate(0px, -50%)",
        }
      }
    >
      <button
        className="c6"
        onClick={[Function]}
        title="Pause"
      >
        <i
          className="c11"
        />
      </button>
    </div>
  </div>
</div>
`;
